
Memory Configuration

Name             Origin             Length             Attributes
FLASH            0x0000000008000000 0x0000000000040000 xr
SRAM             0x0000000020000000 0x0000000000010000 xrw
*default*        0x0000000000000000 0xffffffffffffffff

Linker script and memory map

LOAD build/main.o
LOAD build/startup.o
                0x0000000020010000                _estack = (ORIGIN (SRAM) + LENGTH (SRAM))

.text           0x0000000008000000       0xc8
 *(.isr_vector)
 .isr_vector    0x0000000008000000        0x8 build/startup.o
                0x0000000008000000                isr_vector
 *(.text)
 .text          0x0000000008000008       0x58 build/main.o
                0x0000000008000008                main
 .text          0x0000000008000060       0x68 build/startup.o
                0x0000000008000060                Default_Handler
                0x0000000008000066                Reset_Handler
 *(.rodata)
                0x00000000080000c8                . = ALIGN (0x4)
                0x00000000080000c8                _etext = .

.glue_7         0x00000000080000c8        0x0
 .glue_7        0x00000000080000c8        0x0 linker stubs

.glue_7t        0x00000000080000c8        0x0
 .glue_7t       0x00000000080000c8        0x0 linker stubs

.vfp11_veneer   0x00000000080000c8        0x0
 .vfp11_veneer  0x00000000080000c8        0x0 linker stubs

.v4_bx          0x00000000080000c8        0x0
 .v4_bx         0x00000000080000c8        0x0 linker stubs

.iplt           0x00000000080000c8        0x0
 .iplt          0x00000000080000c8        0x0 build/startup.o

.rel.dyn        0x00000000080000c8        0x0
 .rel.iplt      0x00000000080000c8        0x0 build/startup.o

.data           0x0000000020000000        0x0 load address 0x00000000080000c8
                0x0000000020000000                . = ALIGN (0x4)
                0x0000000020000000                _sdata = .
 *(.data)
 .data          0x0000000020000000        0x0 build/main.o
 .data          0x0000000020000000        0x0 build/startup.o
                0x0000000020000000                . = ALIGN (0x4)
                0x0000000020000000                _edata = .

.igot.plt       0x0000000020000000        0x0 load address 0x00000000080000c8
 .igot.plt      0x0000000020000000        0x0 build/startup.o

.bss            0x0000000020000000        0x0 load address 0x00000000080000c8
                0x0000000020000000                . = ALIGN (0x4)
                0x0000000020000000                _sbss = .
 *(.bss)
 .bss           0x0000000020000000        0x0 build/main.o
 .bss           0x0000000020000000        0x0 build/startup.o
 *(COMMON)
                0x0000000020000000                . = ALIGN (0x4)
                0x0000000020000000                _ebss = .
OUTPUT(build/firmware.elf elf32-littlearm)
LOAD linker stubs

.debug_info     0x0000000000000000      0x4a7
 .debug_info    0x0000000000000000      0x359 build/main.o
 .debug_info    0x0000000000000359      0x14e build/startup.o

.debug_abbrev   0x0000000000000000      0x18c
 .debug_abbrev  0x0000000000000000       0xc6 build/main.o
 .debug_abbrev  0x00000000000000c6       0xc6 build/startup.o

.debug_aranges  0x0000000000000000       0x40
 .debug_aranges
                0x0000000000000000       0x20 build/main.o
 .debug_aranges
                0x0000000000000020       0x20 build/startup.o

.debug_line     0x0000000000000000      0x22e
 .debug_line    0x0000000000000000      0x119 build/main.o
 .debug_line    0x0000000000000119      0x115 build/startup.o

.debug_str      0x0000000000000000      0x2b3
 .debug_str     0x0000000000000000      0x230 build/main.o
                                        0x272 (size before relaxing)
 .debug_str     0x0000000000000230       0x83 build/startup.o
                                        0x1a5 (size before relaxing)

.comment        0x0000000000000000       0x49
 .comment       0x0000000000000000       0x49 build/main.o
                                         0x4a (size before relaxing)
 .comment       0x0000000000000049       0x4a build/startup.o

.ARM.attributes
                0x0000000000000000       0x2e
 .ARM.attributes
                0x0000000000000000       0x2e build/main.o
 .ARM.attributes
                0x000000000000002e       0x2e build/startup.o

.debug_frame    0x0000000000000000       0x78
 .debug_frame   0x0000000000000000       0x2c build/main.o
 .debug_frame   0x000000000000002c       0x4c build/startup.o
